<area shape="rect" href="$moc__Collection__UI_8cpp.html" title="/home/oivasyuv/workspace/RoteSonne/rotesonne/src/qt/moc_Collection_UI.cpp" alt="" coords="5,80,488,107">
<area shape="rect" href="$MainWindow__UI_8hpp.html" title="/home/oivasyuv/workspace/RoteSonne/rotesonne/src/qt/src/UI/Widgets/MainWindow_UI.hpp" alt="" coords="512,80,1069,107">
<area shape="rect" href="$Collection__UI_8cpp.html" title="/home/oivasyuv/workspace/RoteSonne/rotesonne/src/qt/src/UI/Widgets/Collection_UI.cpp" alt="" coords="1093,80,1635,107">
<area shape="rect" href="$moc__MainWindow__UI_8cpp.html" title="/home/oivasyuv/workspace/RoteSonne/rotesonne/src/qt/moc_MainWindow_UI.cpp" alt="" coords="45,155,544,181">
<area shape="rect" href="$common_8cpp.html" title="/home/oivasyuv/workspace/RoteSonne/rotesonne/src/qt/src/common.cpp" alt="" coords="568,155,1013,181">
<area shape="rect" href="$MainWindow__UI_8cpp.html" title="/home/oivasyuv/workspace/RoteSonne/rotesonne/src/qt/src/UI/Widgets/MainWindow_UI.cpp" alt="" coords="1037,155,1595,181">
